// Jest Snapshot v1, https://goo.gl/fbAQLP

exports[`renders DetailDestination correctly 1`] = `
<DocumentFragment>
  <div>
    <nav
      class="mb-3 navbar navbar-expand-lg navbar-dark bg-dark"
    >
      <div
        class="container"
      >
        <a
          class="navbar-brand"
          href="/"
        >
          <img
            alt="Your Logo"
            class="d-inline-block align-top"
            height="30"
            src="logo.png"
            style="width: 50px; height: auto; border: 2px solid #fff; border-radius: 50%; filter: grayscale(50%); transition: filter 0.3s ease;"
          />
        </a>
        <button
          aria-controls="navbar-nav"
          aria-label="Toggle navigation"
          class="navbar-toggler collapsed"
          type="button"
        >
          <span
            class="navbar-toggler-icon"
          />
        </button>
        <div
          class="navbar-collapse collapse"
          id="navbar-nav"
        >
          <div
            class="me-auto navbar-nav"
          >
            <a
              aria-current="page"
              class="nav-link active"
              href="/"
            >
              Home
            </a>
            <a
              class="nav-link"
              href="/aboutus"
            >
              About Us
            </a>
            <a
              class="nav-link"
              href="/MyBookings"
            >
              My Bookings
            </a>
            <a
              class="nav-link"
              href="/AddDestination"
            >
              Add Destination
            </a>
          </div>
          <form
            class="d-flex"
          >
            <input
              aria-label="Search"
              class="me-2 form-control"
              placeholder="Search"
              type="search"
            />
          </form>
          <div
            class="dropdown"
          >
            <button
              aria-expanded="false"
              class="dropdown-toggle btn btn-success"
              data-testid="dropdown-toggle"
              id="dropdown-basic"
              type="button"
            >
              Welcome
            </button>
          </div>
        </div>
      </div>
    </nav>
    <div>
      Loading...
    </div>
    <footer
      data-testid="footer"
      style="background-color: rgb(51, 51, 51); color: rgb(255, 255, 255); padding: 30px 0px;"
    >
      <div
        class="container"
      >
        <div
          style="display: flex; flex-wrap: wrap; justify-content: space-between;"
        >
          <div
            style="flex: 1; margin: 0px 10px;"
          >
            <h3
              style="font-size: 1.5rem; margin-bottom: 1rem;"
            >
              About Us
            </h3>
            <p
              style="margin-bottom: 0.5rem;"
            >
              The Trip Planner app simplifies travel planning,allowing users to overview different destinations, and book destination they desired.
            </p>
          </div>
          <div
            style="flex: 1; margin: 0px 10px;"
          >
            <h3
              style="font-size: 1.5rem; margin-bottom: 1rem;"
            >
              Contact
            </h3>
            <p
              style="margin-bottom: 0.5rem;"
            >
              Thamel, Kathmandu, Nepal
            </p>
            <p
              style="margin-bottom: 0.5rem;"
            >
              Email: tripPlanner@company.com
            </p>
            <p
              style="margin-bottom: 0.5rem;"
            >
              Phone: +977 9836283904
            </p>
          </div>
          <div
            style="flex: 1; margin: 0px 10px;"
          >
            <h3
              style="font-size: 1.5rem; margin-bottom: 1rem;"
            >
              Follow Us
            </h3>
            <div>
              <a
                href="https://www.facebook.com"
                rel="noopener noreferrer"
                target="_blank"
                title="Facebook"
              >
                <i
                  class="fab fa-facebook-f"
                />
              </a>
              <a
                href="https://www.twitter.com/yourcompany"
                rel="noopener noreferrer"
                target="_blank"
                title="Twitter"
              >
                <i
                  class="fab fa-twitter"
                />
              </a>
              <a
                href="https://www.instagram.com/yourcompany"
                rel="noopener noreferrer"
                target="_blank"
                title="Instagram"
              >
                <i
                  class="fab fa-instagram"
                />
              </a>
            </div>
          </div>
        </div>
        <div
          class="text-center"
          style="margin-top: 20px;"
        >
          <span>
            Â© 2023 Trip Planner. All rights reserved.
          </span>
        </div>
      </div>
    </footer>
  </div>
</DocumentFragment>
`;
